
> pensionsmanager@1.11.4 typecheck
> tsc --noEmit

tests/e2e/buchungen/uc-cancel-booking/uc-cancel-booking.spec.ts(12,46): error TS2339: Property 'first' does not exist on type 'Promise<void>'.
tests/e2e/zimmer/uc-update-room-status/uc-update-room-status.spec.ts(12,44): error TS2339: Property 'first' does not exist on type 'Promise<void>'.
